[2021-05-06T17:16:15.488-0300][gc,heap] Heap region size: 1M
[2021-05-06T17:16:15.496-0300][gc     ] Using G1
[2021-05-06T17:16:15.496-0300][gc,heap,coops] Heap address: 0x00000000c0000000, size: 1024 MB, Compressed Oops mode: 32-bit
[2021-05-06T17:16:15.496-0300][gc,cds       ] Mark closed archive regions in map: [0x00000000fff00000, 0x00000000fff69ff8]
[2021-05-06T17:16:15.496-0300][gc,cds       ] Mark open archive regions in map: [0x00000000ffe00000, 0x00000000ffe46ff8]
[2021-05-06T17:16:36.406-0300][gc,heap,exit ] Heap
[2021-05-06T17:16:36.406-0300][gc,heap,exit ]  garbage-first heap   total 1048576K, used 51908K [0x00000000c0000000, 0x0000000100000000)
[2021-05-06T17:16:36.406-0300][gc,heap,exit ]   region size 1024K, 51 young (52224K), 0 survivors (0K)
[2021-05-06T17:16:36.406-0300][gc,heap,exit ]  Metaspace       used 15077K, capacity 15572K, committed 15744K, reserved 1062912K
[2021-05-06T17:16:36.406-0300][gc,heap,exit ]   class space    used 1906K, capacity 2087K, committed 2176K, reserved 1048576K
